\ProvidesFile{myurl.tex}[2006/03/09]
\urldef \webASCII       \url {http://www.ascii.co.jp/pb/ptex/}
\urldef \webAbenori     \url {http://www.ms.u-tokyo.ac.jp/~abenori/}
\urldef \webAmSLaTeX    \url {http://www.ams.org/tex/amslatex.html}
\urldef \webBear        \url {http://www.civil.tohoku.ac.jp/~bear/node12.html}
\urldef \webCTAN        \url {http://ctan.org/}
\urldef \webCVS         \url {http://www.radiofly.to/nishi/cvs/} 
\urldef \webCopyLeft    \url {http://www.gnu.org/copyleft/}
\urldef \webCtoL        \url {http://web.hc.keio.ac.jp/~mr041754/calc2latex/indexj.html}
\urldef \webDvipdfmx    \url {http://project.ktug.or.kr/dvipdfmx/}
\urldef \webEasyTeX     \url {http://www.juen.ac.jp/math/nakagawa/nakagawa.html}
\urldef \webEasypackage \url {http://www.ie.u-ryukyu.ac.jp/darwin2/}
\urldef \webEmath       \url {http://emath.s40.xrea.com/}
\urldef \webEpsconv     \url {http://hp.vector.co.jp/authors/VA023018/}
\urldef \webEtoL        \url {http://www.vector.co.jp/soft/win95/writing/se091052.html}
\urldef \webEtoT        \url {http://www.ne.jp/asahi/i/love/E2T/}
\urldef \webExceltex    \url {http://www.ring.gr.jp/pub/text/CTAN/macros/latex/contrib/exceltex/}
\urldef \webFujita      \url {http://imt.chem.kit.ac.jp/fujita/fujitas/fujita.html}
\urldef \webGNU         \url {http://www.gnu.org/}
\urldef \webGoogle      \url {http://www.google.co.jp} 
\urldef \webGplotman    \url {http://takeno.iee.niit.ac.jp/~foo/gp-jman/}
\urldef \webHara        \url {http://www.eis.t.u-tokyo.ac.jp/~hara/tex/tex.html}
\urldef \webHotta       \url {http://auemath.aichi-edu.ac.jp/~khotta/ghost/}
\urldef \webInagaki     \url {http://www2.tba.t-com.ne.jp/ing/}
\urldef \webJBibTeXM    \url {http://csb.stanford.edu/nbatada/JBibtexManager/}
\urldef \webJFDL        \url {http://www.gnu.org/copyleft/fdl.ja.html}
\urldef \webJabRef      \url {http://jabref.sourceforge.net/}
\urldef \webJsclasses   \url {http://oku.edu.mie-u.ac.jp/~okumura/jsclasses/}
\urldef \webKumazawa    \url {http://www.biwako.shiga-u.ac.jp/sensei/kumazawa/}
\urldef \webListings    \url {http://oku.edu.mie-u.ac.jp/~okumura/texfaq/qa/21172.html} 
\urldef \webMacwiki     \url {http://macwiki.sourceforge.jp/}
\urldef \webNagasima    \url {http://osksn2.hep.sci.osaka-u.ac.jp/~naga/}
\urldef \webNagata      \url {http://www.lg.fukuoka-u.ac.jp/~ynagata/latex.html}
\urldef \webOishi       \url {http://www.grn.mmtr.or.jp/~ohishi/tex/}
\urldef \webOkumura     \url {http://oku.edu.mie-u.ac.jp/~okumura/}
\urldef \webOshima      \url {http://akagi.ms.u-tokyo.ac.jp/index-j.html}
\urldef \webOtobe       \url {http://argent.shinshu-u.ac.jp/otobe/}
\urldef \webOtomo       \url {http://www.klavis.info/texindex.html}
\urldef \webOtomoTeX    \url {http://www.klavis.info/texinstnew.html}
\urldef \webPSTricks    \url {http://tug.org/PSTricks/main.cgi/} 
\urldef \webRefforWin   \url {http://homepage3.nifty.com/refwin/}
\urldef \webRingCTAN    \url {http://www.ring.gr.jp/pub/text/CTAN/}
\urldef \webRingPub     \url {http://www.ring.gr.jp/pub/}
\urldef \webRingServer  \url {http://www.dnsbalance.ring.gr.jp/}
\urldef \webRingText    \url {http://www.ring.gr.jp/pub/text/}
\urldef \webSaito       \url {http://psitau.at.infoseek.co.jp/}
\urldef \webScilabman   \url {http://www.ecl.sys.hiroshima-u.ac.jp/scilab/docjp.html}
\urldef \webSetspace    \url {http://www.ring.gr.jp/pub/text/CTAN/macros/latex/contrib/setspace/}
\urldef \webTaizo       \url {http://www.bach-phys.ritsumei.ac.jp/OSXWS/}
\urldef \webTakeno      \url {http://takeno.iee.niit.ac.jp/~foo/}
\urldef \webTakenoLtoH  \url {http://takeno.iee.niit.ac.jp/~shige/TeX/latex2html/}
\urldef \webTamaki      \url {http://pantodon.shinshu-u.ac.jp/}
\urldef \webTeXShop     \url {http://www.uoregon.edu/~koch/texshop/}
\urldef \webTeXWiki     \url {http://oku.edu.mie-u.ac.jp/~okumura/texwiki/}
\urldef \webThorTeX     \url {http://tex.dante.jp/}
\urldef \webThorTypo    \url {http://tex.dante.jp/typo/}
\urldef \webTony        \url {http://www.nsknet.or.jp/~tony/TeX/texindex.html}
\urldef \webUchiyama    \url {http://macptex.appi.keio.ac.jp/~uchiyama/macptex.html}
\urldef \webVineLinux   \url {http://www.vinelinux.org/}
\urldef \webWinShell    \url {http://www.winshell.de/}
\urldef \webWinTeX      \url {http://www.fsci.fuk.kindai.ac.jp/~kakuto/win32-ptex/}
\urldef \webYaTeX       \url {http://www.yatex.org/}
\urldef \webYamaga      \url {http://www.yama-ga.com/}
\urldef \webYoshinaga   \url {http://www.h4.dion.ne.jp/~latexcat/}
\urldef \webGRASSIPA    \url {http://www.grass-japan.org/FOSS4G/readme-grass-i18n-ipafonts.eucjp.htm}
\urldef \webXpdf        \url {http://www.foolabs.com/xpdf/}
\urldef \webPdftk       \url {http://www.accesspdf.com/pdftk/}
\urldef \webPdftkWinGui \url {http://www.clubic.com/telecharger-fiche13148-gui-for-pdftk.html}
\urldef \webOdaTeX      \url {http://www.math.tohoku.ac.jp/texinfo.html}
\urldef \webXeTeX       \url {http://scripts.sil.org/xetex/}
\endinput
